{
  "error": {
    "code": 400,
    "message": "Invalid JSON payload received. Unexpected token.\nents:[{parts:[{text:hello}]}]}\n                    ^",
    "status": "INVALID_ARGUMENT"
  }
}
